// Jest Snapshot v1, https://goo.gl/fbAQLP

exports[`Home Component it matches the snapshot 1`] = `
<div>
  <p>
    This is the home component
  </p>
</div>
`;
